ASxxxx Linker V03.00 + NoICE + sdld,  page 1.
Hexadecimal  [32-Bits]

Area                                    Addr        Size        Decimal Bytes (Attributes)
--------------------------------        ----        ----        ------- ----- ------------
.  .ABS.                            00000000    00000000 =           0. bytes (ABS,CON)

      Value  Global                              Global Defined In Module
      -----  --------------------------------   ------------------------
     00000000  .__.ABS.                           _strlen
     00000000  l_CABS                          
     00000000  l_DABS                          
     00000000  l_DATA                          
     00000000  l__CODE                         
     00000000  s_.debug_abbrev                 
     00000000  s_.debug_frame                  
     00000000  s_.debug_info                   
     00000000  s_.debug_line                   
     00000000  s_.debug_loc                    
     00000000  s_.debug_pubnames               
     00000000  s_CABS                          
     00000000  s_DABS                          
     00000000  s__CODE                         
     00000001  l_SSEG                          
     00000001  s_DATA                          
     00000001  s_INITIALIZED                   
     00000003  l_GSFINAL                       
     00000004  l_INITIALIZED                   
     00000004  l_INITIALIZER                   
     00000005  s_SSEG                          
     0000001A  l_GSINIT                        
     0000006F  l_HOME                          
     000000B1  l_CONST                         
     000006AD  l_.debug_abbrev                 
     00001237  l_.debug_pubnames               
     000033FA  l_.debug_line                   
     00004086  l_CODE                          
     00004BC0  l_.debug_info                   
     00005949  l_.debug_frame                  
     00007034  l_.debug_loc                    
     00008000  s_HOME                          
     0000806F  s_GSINIT                        
     00008089  s_GSFINAL                       
     0000808C  s_CONST                         
     0000813D  s_INITIALIZER                   
     00008141  s_CODE                          

ASxxxx Linker V03.00 + NoICE + sdld,  page 2.
Hexadecimal  [32-Bits]

Area                                    Addr        Size        Decimal Bytes (Attributes)
--------------------------------        ----        ----        ------- ----- ------------
INITIALIZED                         00000001    00000004 =           4. bytes (REL,CON)

      Value  Global                              Global Defined In Module
      -----  --------------------------------   ------------------------
     00000001  G$miliseconds$0_0$0                milis
     00000001  _miliseconds                       milis

ASxxxx Linker V03.00 + NoICE + sdld,  page 3.
Hexadecimal  [32-Bits]

Area                                    Addr        Size        Decimal Bytes (Attributes)
--------------------------------        ----        ----        ------- ----- ------------
SSEG                                00000005    00000001 =           1. bytes (REL,CON)

      Value  Global                              Global Defined In Module
      -----  --------------------------------   ------------------------
ASxxxx Linker V03.00 + NoICE + sdld,  page 4.
Hexadecimal  [32-Bits]

Area                                    Addr        Size        Decimal Bytes (Attributes)
--------------------------------        ----        ----        ------- ----- ------------
HOME                                00008000    0000006F =         111. bytes (REL,CON)

      Value  Global                              Global Defined In Module
      -----  --------------------------------   ------------------------
     00008000  A$main$57                          main
     00008004  A$main$58                          main
     00008008  A$main$59                          main
     0000800C  A$main$60                          main
     00008010  A$main$61                          main
     00008014  A$main$62                          main
     00008018  A$main$63                          main
     0000801C  A$main$64                          main
     00008020  A$main$65                          main
     00008024  A$main$66                          main
     00008028  A$main$67                          main
     0000802C  A$main$68                          main
     00008030  A$main$69                          main
     00008034  A$main$70                          main
     00008038  A$main$71                          main
     0000803C  A$main$72                          main
     00008040  A$main$73                          main
     00008044  A$main$74                          main
     00008048  A$main$75                          main
     0000804C  A$main$76                          main
     00008050  A$main$77                          main
     00008054  A$main$78                          main
     00008058  A$main$79                          main
     0000805C  A$main$80                          main
     00008060  A$main$81                          main
     00008064  A$main$82                          main
     00008068  A$main$83                          main
     0000806C  A$main$117                         main

ASxxxx Linker V03.00 + NoICE + sdld,  page 5.
Hexadecimal  [32-Bits]

Area                                    Addr        Size        Decimal Bytes (Attributes)
--------------------------------        ----        ----        ------- ----- ------------
GSINIT                              0000806F    0000001A =          26. bytes (REL,CON)

      Value  Global                              Global Defined In Module
      -----  --------------------------------   ------------------------
     0000806F  A$main$93                          main
     00008072  A$main$94                          main
     00008074  A$main$96                          main
     00008078  A$main$97                          main
     00008079  A$main$98                          main
     0000807B  A$main$100                         main
     0000807E  A$main$101                         main
     00008080  A$main$103                         main
     00008083  A$main$104                         main
     00008086  A$main$105                         main
     00008087  A$main$106                         main

ASxxxx Linker V03.00 + NoICE + sdld,  page 6.
Hexadecimal  [32-Bits]

Area                                    Addr        Size        Decimal Bytes (Attributes)
--------------------------------        ----        ----        ------- ----- ------------
GSFINAL                             00008089    00000003 =           3. bytes (REL,CON)

      Value  Global                              Global Defined In Module
      -----  --------------------------------   ------------------------
     00008089  A$main$110                         main

ASxxxx Linker V03.00 + NoICE + sdld,  page 7.
Hexadecimal  [32-Bits]

Area                                    Addr        Size        Decimal Bytes (Attributes)
--------------------------------        ----        ----        ------- ----- ------------
CONST                               0000808C    000000B1 =         177. bytes (REL,CON)

      Value  Global                              Global Defined In Module
      -----  --------------------------------   ------------------------
     0000808C  Fmain$__str_0$0_0$0                main
     00008098  Fstm8s_gpio$__str_0$0_0$0          stm8s_gpio
     000080B0  G$HSIDivFactor$0_0$0               stm8s_clk
     000080B0  _HSIDivFactor                      stm8s_clk
     000080B4  G$CLKPrescTable$0_0$0              stm8s_clk
     000080B4  _CLKPrescTable                     stm8s_clk
     000080BC  Fstm8s_clk$__str_0$0_0$0           stm8s_clk
     000080D3  Fstm8s_tim4$__str_0$0_0$0          stm8s_tim4
     000080EB  Fstm8s_itc$__str_0$0_0$0           stm8s_itc
     00008102  Fstm8s_adc2$__str_0$0_0$0          stm8s_adc2
     0000811A  Fstm8s_tim1$__str_0$0_0$0          stm8s_tim1

ASxxxx Linker V03.00 + NoICE + sdld,  page 8.
Hexadecimal  [32-Bits]

Area                                    Addr        Size        Decimal Bytes (Attributes)
--------------------------------        ----        ----        ------- ----- ------------
INITIALIZER                         0000813D    00000004 =           4. bytes (REL,CON)

      Value  Global                              Global Defined In Module
      -----  --------------------------------   ------------------------
     0000813D  Fmilis$__xinit_miliseconds$0_0$0   milis

ASxxxx Linker V03.00 + NoICE + sdld,  page 9.
Hexadecimal  [32-Bits]

Area                                    Addr        Size        Decimal Bytes (Attributes)
--------------------------------        ----        ----        ------- ----- ------------
CODE                                00008141    00004086 =       16518. bytes (REL,CON)

      Value  Global                              Global Defined In Module
      -----  --------------------------------   ------------------------
     00008141  A$main$136                         main
     00008141  Smain$_delay_cycl$0                main
     00008141  Smain$_delay_cycl$1                main
     00008141  Smain$_delay_cycl$2                main
     00008142  A$main$137                         main
     00008143  A$main$141                         main
     00008143  Smain$_delay_cycl$3                main
     00008145  A$main$148                         main
     00008145  Smain$_delay_cycl$4                main
     00008145  Smain$_delay_cycl$5                main
     00008146  A$main$153                         main
     00008146  Smain$_delay_cycl$6                main
     00008146  Smain$_delay_cycl$7                main
     00008147  A$main$154                         main
     00008149  A$main$155                         main
     0000814C  A$main$160                         main
     0000814C  Smain$_delay_cycl$8                main
     0000814D  A$main$168                         main
     0000814D  Smain$_delay_cycl$10               main
     0000814D  Smain$_delay_cycl$9                main
     0000814D  XFmain$_delay_cycl$0$0             main
     0000814E  A$main$184                         main
     0000814E  Smain$_delay_cycl$11               main
     0000814E  Smain$_delay_us$12                 main
     0000814E  Smain$_delay_us$13                 main
     0000814E  Smain$_delay_us$14                 main
     00008150  A$main$185                         main
     00008151  A$main$187                         main
     00008153  A$main$189                         main
     00008153  Smain$_delay_us$15                 main
     00008154  A$main$192                         main
     00008154  Smain$_delay_us$16                 main
     00008156  A$main$194                         main
     00008156  Smain$_delay_us$17                 main
     00008158  A$main$196                         main
     00008158  Smain$_delay_us$18                 main
     0000815A  A$main$198                         main
     0000815A  Smain$_delay_us$19                 main
     0000815C  A$main$201                         main
     0000815C  Smain$_delay_us$20                 main
     0000815F  A$main$202                         main
     00008161  A$main$208                         main
     00008161  Smain$_delay_us$21                 main
     00008161  Smain$_delay_us$22                 main
     00008163  A$main$210                         main
     00008163  Smain$_delay_us$23                 main
     00008165  A$main$212                         main
     00008165  Smain$_delay_us$24                 main
     00008167  A$main$214                         main
     00008167  Smain$_delay_us$25                 main
ASxxxx Linker V03.00 + NoICE + sdld,  page 10.
Hexadecimal  [32-Bits]

Area                                    Addr        Size        Decimal Bytes (Attributes)
--------------------------------        ----        ----        ------- ----- ------------
CODE                                00008141    00004086 =       16518. bytes (REL,CON)

      Value  Global                              Global Defined In Module
      -----  --------------------------------   ------------------------
     00008169  A$main$217                         main
     00008169  Smain$_delay_us$26                 main
     0000816A  A$main$219                         main
     0000816A  Smain$_delay_us$27                 main
     0000816C  A$main$222                         main
     0000816C  Smain$_delay_us$28                 main
     0000816F  A$main$223                         main
     00008171  A$main$227                         main
     00008171  Smain$_delay_us$29                 main
     00008171  Smain$_delay_us$30                 main
     00008173  A$main$228                         main
     00008174  A$main$229                         main
     00008176  A$main$230                         main
     00008177  A$main$231                         main
     00008179  A$main$232                         main
     0000817A  A$main$237                         main
     0000817A  Smain$_delay_us$31                 main
     0000817B  A$main$245                         main
     0000817B  Smain$_delay_us$32                 main
     0000817B  Smain$_delay_us$33                 main
     0000817C  A$main$246                         main
     0000817D  A$main$256                         main
     0000817D  Smain$_delay_us$34                 main
     0000817D  Smain$_delay_us$35                 main
     0000817D  Smain$_delay_us$36                 main
     0000817E  A$main$260                         main
     0000817E  Smain$_delay_us$37                 main
     0000817F  A$main$261                         main
     00008181  A$main$262                         main
     00008184  A$main$266                         main
     00008185  A$main$277                         main
     00008185  Smain$_delay_us$38                 main
     00008185  Smain$_delay_us$39                 main
     00008185  Smain$_delay_us$40                 main
     00008185  Smain$_delay_us$41                 main
     00008185  XFmain$_delay_us$0$0               main
     00008186  A$main$292                         main
     00008186  Smain$_delay_us$42                 main
     00008186  Smain$setup$43                     main
     00008186  Smain$setup$44                     main
     00008186  Smain$setup$45                     main
     00008186  _setup                             main
     00008188  A$main$295                         main
     00008188  Smain$setup$46                     main
     0000818B  A$main$296                         main
     0000818C  A$main$301                         main
     0000818C  Smain$setup$47                     main
     0000818C  Smain$setup$48                     main
     0000818F  A$main$305                         main
     0000818F  Smain$setup$49                     main
     00008192  A$main$309                         main
ASxxxx Linker V03.00 + NoICE + sdld,  page 11.
Hexadecimal  [32-Bits]

Area                                    Addr        Size        Decimal Bytes (Attributes)
--------------------------------        ----        ----        ------- ----- ------------
CODE                                00008141    00004086 =       16518. bytes (REL,CON)

      Value  Global                              Global Defined In Module
      -----  --------------------------------   ------------------------
     00008192  Smain$setup$50                     main
     00008194  A$main$312                         main
     00008194  Smain$setup$51                     main
     00008196  A$main$315                         main
     00008196  Smain$setup$52                     main
     00008198  A$main$317                         main
     00008198  Smain$setup$53                     main
     0000819A  A$main$320                         main
     0000819A  Smain$setup$54                     main
     0000819D  A$main$321                         main
     0000819F  A$main$326                         main
     0000819F  Smain$setup$55                     main
     0000819F  Smain$setup$56                     main
     000081A1  A$main$329                         main
     000081A1  Smain$setup$57                     main
     000081A3  A$main$332                         main
     000081A3  Smain$setup$58                     main
     000081A5  A$main$334                         main
     000081A5  Smain$setup$59                     main
     000081A7  A$main$337                         main
     000081A7  Smain$setup$60                     main
     000081AA  A$main$338                         main
     000081AC  A$main$347                         main
     000081AC  Smain$setup$61                     main
     000081AC  Smain$setup$62                     main
     000081AC  Smain$setup$63                     main
     000081AC  XG$setup$0$0                       main
     000081AD  A$main$359                         main
     000081AD  Smain$main$65                      main
     000081AD  Smain$main$66                      main
     000081AD  Smain$setup$64                     main
     000081AD  _main                              main
     000081AF  A$main$364                         main
     000081AF  Smain$main$67                      main
     000081AF  Smain$main$68                      main
     000081B0  A$main$365                         main
     000081B2  A$main$366                         main
     000081B4  A$main$370                         main
     000081B4  Smain$main$69                      main
     000081B6  A$main$374                         main
     000081B6  Smain$main$70                      main
     000081B8  A$main$378                         main
     000081B8  Smain$main$71                      main
     000081BA  A$main$382                         main
     000081BA  Smain$main$72                      main
     000081BD  A$main$391                         main
     000081BD  Smain$main$73                      main
     000081BD  Smain$main$74                      main
     000081BD  Smain$main$75                      main
     000081BF  A$main$394                         main
     000081BF  Smain$main$76                      main
ASxxxx Linker V03.00 + NoICE + sdld,  page 12.
Hexadecimal  [32-Bits]

Area                                    Addr        Size        Decimal Bytes (Attributes)
--------------------------------        ----        ----        ------- ----- ------------
CODE                                00008141    00004086 =       16518. bytes (REL,CON)

      Value  Global                              Global Defined In Module
      -----  --------------------------------   ------------------------
     000081C1  A$main$396                         main
     000081C1  Smain$main$77                      main
     000081C3  A$main$399                         main
     000081C3  Smain$main$78                      main
     000081C6  A$main$400                         main
     000081C8  A$main$403                         main
     000081C8  Smain$main$79                      main
     000081C9  A$main$404                         main
     000081CB  A$main$405                         main
     000081CE  A$main$411                         main
     000081CE  Smain$main$80                      main
     000081CE  Smain$main$81                      main
     000081D0  A$main$412                         main
     000081D2  A$main$413                         main
     000081D5  A$main$419                         main
     000081D5  Smain$main$82                      main
     000081D5  Smain$main$83                      main
     000081D7  A$main$426                         main
     000081D7  Smain$main$84                      main
     000081D7  Smain$main$85                      main
     000081D9  A$main$427                         main
     000081DB  A$main$430                         main
     000081DB  Smain$main$86                      main
     000081DE  A$main$437                         main
     000081DE  Smain$main$87                      main
     000081DE  Smain$main$88                      main
     000081E0  A$main$444                         main
     000081E0  Smain$main$89                      main
     000081E0  Smain$main$90                      main
     000081E2  A$main$447                         main
     000081E2  Smain$main$91                      main
     000081E4  A$main$449                         main
     000081E4  Smain$main$92                      main
     000081E6  A$main$452                         main
     000081E6  Smain$main$93                      main
     000081E9  A$main$453                         main
     000081EB  A$main$456                         main
     000081EB  Smain$main$94                      main
     000081EC  A$main$457                         main
     000081EE  A$main$458                         main
     000081F1  A$main$464                         main
     000081F1  Smain$main$95                      main
     000081F1  Smain$main$96                      main
     000081F3  A$main$465                         main
     000081F5  A$main$466                         main
     000081F8  A$main$472                         main
     000081F8  Smain$main$97                      main
     000081F8  Smain$main$98                      main
     000081FB  A$main$474                         main
     000081FD  A$main$475                         main
     000081FF  A$main$479                         main
ASxxxx Linker V03.00 + NoICE + sdld,  page 13.
Hexadecimal  [32-Bits]

Area                                    Addr        Size        Decimal Bytes (Attributes)
--------------------------------        ----        ----        ------- ----- ------------
CODE                                00008141    00004086 =       16518. bytes (REL,CON)

      Value  Global                              Global Defined In Module
      -----  --------------------------------   ------------------------
     000081FF  Smain$main$99                      main
     00008201  A$main$480                         main
     00008203  A$main$484                         main
     00008203  Smain$main$100                     main
     00008205  A$main$487                         main
     00008205  Smain$main$101                     main
     00008208  A$main$488                         main
     00008209  A$main$496                         main
     00008209  Smain$main$102                     main
     00008209  Smain$main$103                     main
     00008209  Smain$main$104                     main
     0000820B  A$main$497                         main
     0000820D  A$main$500                         main
     0000820D  Smain$main$105                     main
     00008210  A$main$507                         main
     00008210  Smain$main$106                     main
     00008210  Smain$main$107                     main
     00008212  A$main$514                         main
     00008212  Smain$main$108                     main
     00008212  Smain$main$109                     main
     00008214  A$main$515                         main
     00008215  A$main$516                         main
     00008217  A$main$517                         main
     0000821A  A$main$519                         main
     0000821D  A$main$527                         main
     0000821D  Smain$main$110                     main
     0000821D  Smain$main$111                     main
     0000821D  Smain$main$112                     main
     00008220  A$main$528                         main
     00008221  A$main$530                         main
     00008224  A$main$531                         main
     00008225  A$main$532                         main
     00008227  A$main$533                         main
     00008228  A$main$534                         main
     00008229  A$main$535                         main
     0000822B  A$main$536                         main
     0000822C  A$main$539                         main
     0000822C  Smain$main$113                     main
     0000822E  A$main$541                         main
     0000822E  Smain$main$114                     main
     00008230  A$main$543                         main
     00008230  Smain$main$115                     main
     00008232  A$main$545                         main
     00008232  Smain$main$116                     main
     00008234  A$main$548                         main
     00008234  Smain$main$117                     main
     00008236  A$main$550                         main
     00008236  Smain$main$118                     main
     00008237  A$main$553                         main
     00008237  Smain$main$119                     main
     0000823A  A$main$554                         main
ASxxxx Linker V03.00 + NoICE + sdld,  page 14.
Hexadecimal  [32-Bits]

Area                                    Addr        Size        Decimal Bytes (Attributes)
--------------------------------        ----        ----        ------- ----- ------------
CODE                                00008141    00004086 =       16518. bytes (REL,CON)

      Value  Global                              Global Defined In Module
      -----  --------------------------------   ------------------------
     0000823C  A$main$556                         main
     0000823C  Smain$main$120                     main
     0000823D  A$main$562                         main
     0000823D  Smain$main$121                     main
     0000823E  A$main$564                         main
     0000823E  Smain$main$122                     main
     00008240  A$main$567                         main
     00008240  Smain$main$123                     main
     00008242  A$main$570                         main
     00008242  Smain$main$124                     main
     00008245  A$main$571                         main
     00008246  A$main$573                         main
     00008246  Smain$main$125                     main
     00008247  A$main$579                         main
     00008247  Smain$main$126                     main
     00008247  Smain$main$127                     main
     00008248  A$main$580                         main
     00008249  A$main$586                         main
     0000824A  A$main$589                         main
     0000824A  Smain$main$128                     main
     0000824C  A$main$591                         main
     0000824C  Smain$main$129                     main
     0000824E  A$main$594                         main
     0000824E  Smain$main$130                     main
     0000824F  A$main$595                         main
     00008252  A$main$596                         main
     00008253  A$main$599                         main
     00008253  Smain$main$131                     main
     00008256  A$main$600                         main
     00008258  A$main$607                         main
     00008258  Smain$main$132                     main
     00008258  Smain$main$133                     main
     00008259  A$main$608                         main
     0000825A  A$main$609                         main
     0000825B  A$main$612                         main
     0000825B  Smain$main$134                     main
     0000825E  A$main$613                         main
     0000825F  A$main$616                         main
     0000825F  Smain$main$135                     main
     00008262  A$main$622                         main
     00008262  Smain$main$136                     main
     00008264  A$main$626                         main
     00008264  Smain$main$137                     main
     00008264  Smain$main$138                     main
     00008264  XG$main$0$0                        main
     00008265  A$main$643                         main
     00008265  Smain$assert_failed$140            main
     00008265  Smain$assert_failed$141            main
     00008265  Smain$assert_failed$142            main
     00008265  Smain$main$139                     main
     00008265  _assert_failed                     main
ASxxxx Linker V03.00 + NoICE + sdld,  page 15.
Hexadecimal  [32-Bits]

Area                                    Addr        Size        Decimal Bytes (Attributes)
--------------------------------        ----        ----        ------- ----- ------------
CODE                                00008141    00004086 =       16518. bytes (REL,CON)

      Value  Global                              Global Defined In Module
      -----  --------------------------------   ------------------------
     00008268  A$main$651                         main
     00008268  Smain$assert_failed$143            main
     00008268  Smain$assert_failed$144            main
     00008268  XG$assert_failed$0$0               main
     00008269  A$milis$70                         milis
     00008269  Smain$assert_failed$145            main
     00008269  Smilis$milis$0                     milis
     00008269  Smilis$milis$1                     milis
     00008269  _milis                             milis
     0000826B  A$milis$75                         milis
     0000826B  Smilis$milis$2                     milis
     0000826B  Smilis$milis$3                     milis
     0000826D  A$milis$78                         milis
     0000826D  Smilis$milis$4                     milis
     0000826F  A$milis$81                         milis
     0000826F  Smilis$milis$5                     milis
     00008272  A$milis$82                         milis
     00008273  A$milis$87                         milis
     00008273  Smilis$milis$6                     milis
     00008273  Smilis$milis$7                     milis
     00008276  A$milis$88                         milis
     0000827A  A$milis$89                         milis
     0000827C  A$milis$93                         milis
     0000827C  Smilis$milis$8                     milis
     0000827D  A$milis$95                         milis
     0000827D  Smilis$milis$9                     milis
     0000827F  A$milis$98                         milis
     0000827F  Smilis$milis$10                    milis
     00008281  A$milis$101                        milis
     00008281  Smilis$milis$11                    milis
     00008284  A$milis$102                        milis
     00008285  A$milis$104                        milis
     00008285  Smilis$milis$12                    milis
     00008286  A$milis$109                        milis
     00008286  Smilis$milis$13                    milis
     00008286  Smilis$milis$14                    milis
     00008288  A$milis$115                        milis
     00008288  Smilis$milis$15                    milis
     0000828A  A$milis$119                        milis
     0000828A  Smilis$milis$16                    milis
     0000828A  Smilis$milis$17                    milis
     0000828A  XG$milis$0$0                       milis
     0000828B  A$milis$134                        milis
     0000828B  Smilis$init_milis$19               milis
     0000828B  Smilis$init_milis$20               milis
     0000828B  Smilis$init_milis$21               milis
     0000828B  Smilis$milis$18                    milis
     0000828B  _init_milis                        milis
     0000828D  A$milis$137                        milis
     0000828D  Smilis$init_milis$22               milis
     0000828F  A$milis$140                        milis
ASxxxx Linker V03.00 + NoICE + sdld,  page 16.
Hexadecimal  [32-Bits]

Area                                    Addr        Size        Decimal Bytes (Attributes)
--------------------------------        ----        ----        ------- ----- ------------
CODE                                00008141    00004086 =       16518. bytes (REL,CON)

      Value  Global                              Global Defined In Module
      -----  --------------------------------   ------------------------
     0000828F  Smilis$init_milis$23               milis
     00008292  A$milis$141                        milis
     00008293  A$milis$146                        milis
     00008293  Smilis$init_milis$24               milis
     00008293  Smilis$init_milis$25               milis
     00008295  A$milis$149                        milis
     00008295  Smilis$init_milis$26               milis
     00008298  A$milis$150                        milis
     00008299  A$milis$155                        milis
     00008299  Smilis$init_milis$27               milis
     00008299  Smilis$init_milis$28               milis
     0000829B  A$milis$158                        milis
     0000829B  Smilis$init_milis$29               milis
     0000829D  A$milis$161                        milis
     0000829D  Smilis$init_milis$30               milis
     000082A0  A$milis$162                        milis
     000082A1  A$milis$167                        milis
     000082A1  Smilis$init_milis$31               milis
     000082A1  Smilis$init_milis$32               milis
     000082A3  A$milis$170                        milis
     000082A3  Smilis$init_milis$33               milis
     000082A5  A$milis$173                        milis
     000082A5  Smilis$init_milis$34               milis
     000082A8  A$milis$174                        milis
     000082A9  A$milis$179                        milis
     000082A9  Smilis$init_milis$35               milis
     000082A9  Smilis$init_milis$36               milis
     000082AA  A$milis$183                        milis
     000082AA  Smilis$init_milis$37               milis
     000082AC  A$milis$186                        milis
     000082AC  Smilis$init_milis$38               milis
     000082AF  A$milis$187                        milis
     000082B0  A$milis$196                        milis
     000082B0  Smilis$init_milis$39               milis
     000082B0  Smilis$init_milis$40               milis
     000082B0  Smilis$init_milis$41               milis
     000082B0  XG$init_milis$0$0                  milis
     000082B1  A$milis$208                        milis
     000082B1  Smilis$TIM4_UPD_OVF_IRQHandler$4   milis
     000082B1  Smilis$init_milis$42               milis
     000082B1  _TIM4_UPD_OVF_IRQHandler           milis
     000082B2  A$milis$213                        milis
     000082B2  Smilis$TIM4_UPD_OVF_IRQHandler$4   milis
     000082B2  Smilis$TIM4_UPD_OVF_IRQHandler$4   milis
     000082B4  A$milis$216                        milis
     000082B4  Smilis$TIM4_UPD_OVF_IRQHandler$4   milis
     000082B7  A$milis$217                        milis
     000082B8  A$milis$222                        milis
     000082B8  Smilis$TIM4_UPD_OVF_IRQHandler$4   milis
     000082B8  Smilis$TIM4_UPD_OVF_IRQHandler$4   milis
     000082BB  A$milis$223                        milis
ASxxxx Linker V03.00 + NoICE + sdld,  page 17.
Hexadecimal  [32-Bits]

Area                                    Addr        Size        Decimal Bytes (Attributes)
--------------------------------        ----        ----        ------- ----- ------------
CODE                                00008141    00004086 =       16518. bytes (REL,CON)

      Value  Global                              Global Defined In Module
      -----  --------------------------------   ------------------------
     000082BF  A$milis$225                        milis
     000082C0  A$milis$226                        milis
     000082C2  A$milis$227                        milis
     000082C4  A$milis$230                        milis
     000082C7  A$milis$231                        milis
     000082CB  A$milis$239                        milis
     000082CB  Smilis$TIM4_UPD_OVF_IRQHandler$4   milis
     000082CB  Smilis$TIM4_UPD_OVF_IRQHandler$5   milis
     000082CB  XG$TIM4_UPD_OVF_IRQHandler$0$0     milis
     000082CC  A$spse_stm8$66                     spse_stm8
     000082CC  Smilis$TIM4_UPD_OVF_IRQHandler$5   milis
     000082CC  Sspse_stm8$_delay_cycl$0           spse_stm8
     000082CC  Sspse_stm8$_delay_cycl$1           spse_stm8
     000082CC  Sspse_stm8$_delay_cycl$2           spse_stm8
     000082CD  A$spse_stm8$67                     spse_stm8
     000082CE  A$spse_stm8$71                     spse_stm8
     000082CE  Sspse_stm8$_delay_cycl$3           spse_stm8
     000082D0  A$spse_stm8$78                     spse_stm8
     000082D0  Sspse_stm8$_delay_cycl$4           spse_stm8
     000082D0  Sspse_stm8$_delay_cycl$5           spse_stm8
     000082D1  A$spse_stm8$83                     spse_stm8
     000082D1  Sspse_stm8$_delay_cycl$6           spse_stm8
     000082D1  Sspse_stm8$_delay_cycl$7           spse_stm8
     000082D2  A$spse_stm8$84                     spse_stm8
     000082D4  A$spse_stm8$85                     spse_stm8
     000082D7  A$spse_stm8$90                     spse_stm8
     000082D7  Sspse_stm8$_delay_cycl$8           spse_stm8
     000082D8  A$spse_stm8$98                     spse_stm8
     000082D8  Sspse_stm8$_delay_cycl$10          spse_stm8
     000082D8  Sspse_stm8$_delay_cycl$9           spse_stm8
     000082D8  XFspse_stm8$_delay_cycl$0$0        spse_stm8
     000082D9  A$spse_stm8$114                    spse_stm8
     000082D9  Sspse_stm8$_delay_cycl$11          spse_stm8
     000082D9  Sspse_stm8$_delay_us$12            spse_stm8
     000082D9  Sspse_stm8$_delay_us$13            spse_stm8
     000082D9  Sspse_stm8$_delay_us$14            spse_stm8
     000082DB  A$spse_stm8$115                    spse_stm8
     000082DC  A$spse_stm8$117                    spse_stm8
     000082DE  A$spse_stm8$119                    spse_stm8
     000082DE  Sspse_stm8$_delay_us$15            spse_stm8
     000082DF  A$spse_stm8$122                    spse_stm8
     000082DF  Sspse_stm8$_delay_us$16            spse_stm8
     000082E1  A$spse_stm8$124                    spse_stm8
     000082E1  Sspse_stm8$_delay_us$17            spse_stm8
     000082E3  A$spse_stm8$126                    spse_stm8
     000082E3  Sspse_stm8$_delay_us$18            spse_stm8
     000082E5  A$spse_stm8$128                    spse_stm8
     000082E5  Sspse_stm8$_delay_us$19            spse_stm8
     000082E7  A$spse_stm8$131                    spse_stm8
     000082E7  Sspse_stm8$_delay_us$20            spse_stm8
     000082EA  A$spse_stm8$132                    spse_stm8
ASxxxx Linker V03.00 + NoICE + sdld,  page 18.
Hexadecimal  [32-Bits]

Area                                    Addr        Size        Decimal Bytes (Attributes)
--------------------------------        ----        ----        ------- ----- ------------
CODE                                00008141    00004086 =       16518. bytes (REL,CON)

      Value  Global                              Global Defined In Module
      -----  --------------------------------   ------------------------
     000082EC  A$spse_stm8$138                    spse_stm8
     000082EC  Sspse_stm8$_delay_us$21            spse_stm8
     000082EC  Sspse_stm8$_delay_us$22            spse_stm8
     000082EE  A$spse_stm8$140                    spse_stm8
     000082EE  Sspse_stm8$_delay_us$23            spse_stm8
     000082F0  A$spse_stm8$142                    spse_stm8
     000082F0  Sspse_stm8$_delay_us$24            spse_stm8
     000082F2  A$spse_stm8$144                    spse_stm8
     000082F2  Sspse_stm8$_delay_us$25            spse_stm8
     000082F4  A$spse_stm8$147                    spse_stm8
     000082F4  Sspse_stm8$_delay_us$26            spse_stm8
     000082F5  A$spse_stm8$149                    spse_stm8
     000082F5  Sspse_stm8$_delay_us$27            spse_stm8
     000082F7  A$spse_stm8$152                    spse_stm8
     000082F7  Sspse_stm8$_delay_us$28            spse_stm8
     000082FA  A$spse_stm8$153                    spse_stm8
     000082FC  A$spse_stm8$157                    spse_stm8
     000082FC  Sspse_stm8$_delay_us$29            spse_stm8
     000082FC  Sspse_stm8$_delay_us$30            spse_stm8
     000082FE  A$spse_stm8$158                    spse_stm8
     000082FF  A$spse_stm8$159                    spse_stm8
     00008301  A$spse_stm8$160                    spse_stm8
     00008302  A$spse_stm8$161                    spse_stm8
     00008304  A$spse_stm8$162                    spse_stm8
     00008305  A$spse_stm8$167                    spse_stm8
     00008305  Sspse_stm8$_delay_us$31            spse_stm8
     00008306  A$spse_stm8$175                    spse_stm8
     00008306  Sspse_stm8$_delay_us$32            spse_stm8
     00008306  Sspse_stm8$_delay_us$33            spse_stm8
     00008307  A$spse_stm8$176                    spse_stm8
     00008308  A$spse_stm8$186                    spse_stm8
     00008308  Sspse_stm8$_delay_us$34            spse_stm8
     00008308  Sspse_stm8$_delay_us$35            spse_stm8
     00008308  Sspse_stm8$_delay_us$36            spse_stm8
     00008309  A$spse_stm8$190                    spse_stm8
     00008309  Sspse_stm8$_delay_us$37            spse_stm8
     0000830A  A$spse_stm8$191                    spse_stm8
     0000830C  A$spse_stm8$192                    spse_stm8
     0000830F  A$spse_stm8$196                    spse_stm8
     00008310  A$spse_stm8$207                    spse_stm8
     00008310  Sspse_stm8$_delay_us$38            spse_stm8
     00008310  Sspse_stm8$_delay_us$39            spse_stm8
     00008310  Sspse_stm8$_delay_us$40            spse_stm8
     00008310  Sspse_stm8$_delay_us$41            spse_stm8
     00008310  XFspse_stm8$_delay_us$0$0          spse_stm8
     00008311  A$spse_stm8$222                    spse_stm8
     00008311  Sspse_stm8$ADC_get$43              spse_stm8
     00008311  Sspse_stm8$ADC_get$44              spse_stm8
     00008311  Sspse_stm8$ADC_get$45              spse_stm8
     00008311  Sspse_stm8$_delay_us$42            spse_stm8
     00008311  _ADC_get                           spse_stm8
ASxxxx Linker V03.00 + NoICE + sdld,  page 19.
Hexadecimal  [32-Bits]

Area                                    Addr        Size        Decimal Bytes (Attributes)
--------------------------------        ----        ----        ------- ----- ------------
CODE                                00008141    00004086 =       16518. bytes (REL,CON)

      Value  Global                              Global Defined In Module
      -----  --------------------------------   ------------------------
     00008313  A$spse_stm8$223                    spse_stm8
     00008314  A$spse_stm8$226                    spse_stm8
     00008314  Sspse_stm8$ADC_get$46              spse_stm8
     00008317  A$spse_stm8$227                    spse_stm8
     00008318  A$spse_stm8$232                    spse_stm8
     00008318  Sspse_stm8$ADC_get$47              spse_stm8
     00008318  Sspse_stm8$ADC_get$48              spse_stm8
     0000831B  A$spse_stm8$234                    spse_stm8
     0000831D  A$spse_stm8$236                    spse_stm8
     00008320  A$spse_stm8$242                    spse_stm8
     00008320  Sspse_stm8$ADC_get$49              spse_stm8
     00008323  A$spse_stm8$244                    spse_stm8
     00008324  A$spse_stm8$245                    spse_stm8
     00008326  A$spse_stm8$246                    spse_stm8
     00008329  A$spse_stm8$252                    spse_stm8
     00008329  Sspse_stm8$ADC_get$50              spse_stm8
     0000832C  A$spse_stm8$254                    spse_stm8
     0000832E  A$spse_stm8$256                    spse_stm8
     00008331  A$spse_stm8$260                    spse_stm8
     00008331  Sspse_stm8$ADC_get$51              spse_stm8
     00008334  A$spse_stm8$269                    spse_stm8
     00008334  Sspse_stm8$ADC_get$52              spse_stm8
     00008334  Sspse_stm8$ADC_get$53              spse_stm8
     00008334  XG$ADC_get$0$0                     spse_stm8
     00008335  A$spse_stm8$281                    spse_stm8
     00008335  Sspse_stm8$ADC2_Select_Channel$5   spse_stm8
     00008335  Sspse_stm8$ADC2_Select_Channel$5   spse_stm8
     00008335  Sspse_stm8$ADC_get$54              spse_stm8
     00008335  _ADC2_Select_Channel               spse_stm8
     00008336  A$spse_stm8$286                    spse_stm8
     00008336  Sspse_stm8$ADC2_Select_Channel$5   spse_stm8
     00008336  Sspse_stm8$ADC2_Select_Channel$5   spse_stm8
     00008339  A$spse_stm8$288                    spse_stm8
     0000833B  A$spse_stm8$289                    spse_stm8
     0000833D  A$spse_stm8$293                    spse_stm8
     0000833D  Sspse_stm8$ADC2_Select_Channel$5   spse_stm8
     0000833F  A$spse_stm8$294                    spse_stm8
     00008341  A$spse_stm8$296                    spse_stm8
     00008343  A$spse_stm8$301                    spse_stm8
     00008343  Sspse_stm8$ADC2_Select_Channel$6   spse_stm8
     00008346  A$spse_stm8$307                    spse_stm8
     00008346  Sspse_stm8$ADC2_Select_Channel$6   spse_stm8
     00008347  A$spse_stm8$311                    spse_stm8
     00008347  Sspse_stm8$ADC2_Select_Channel$6   spse_stm8
     00008347  Sspse_stm8$ADC2_Select_Channel$6   spse_stm8
     00008347  XG$ADC2_Select_Channel$0$0         spse_stm8
     00008348  A$spse_stm8$326                    spse_stm8
     00008348  Sspse_stm8$ADC2_AlignConfig$65     spse_stm8
     00008348  Sspse_stm8$ADC2_AlignConfig$66     spse_stm8
     00008348  Sspse_stm8$ADC2_AlignConfig$67     spse_stm8
     00008348  Sspse_stm8$ADC2_Select_Channel$6   spse_stm8
ASxxxx Linker V03.00 + NoICE + sdld,  page 20.
Hexadecimal  [32-Bits]

Area                                    Addr        Size        Decimal Bytes (Attributes)
--------------------------------        ----        ----        ------- ----- ------------
CODE                                00008141    00004086 =       16518. bytes (REL,CON)

      Value  Global                              Global Defined In Module
      -----  --------------------------------   ------------------------
     00008348  _ADC2_AlignConfig                  spse_stm8
     0000834B  A$spse_stm8$330                    spse_stm8
     0000834B  Sspse_stm8$ADC2_AlignConfig$68     spse_stm8
     0000834D  A$spse_stm8$331                    spse_stm8
     0000834F  A$spse_stm8$332                    spse_stm8
     00008352  A$spse_stm8$338                    spse_stm8
     00008352  Sspse_stm8$ADC2_AlignConfig$69     spse_stm8
     00008352  Sspse_stm8$ADC2_AlignConfig$70     spse_stm8
     00008354  A$spse_stm8$340                    spse_stm8
     00008357  A$spse_stm8$343                    spse_stm8
     00008357  Sspse_stm8$ADC2_AlignConfig$71     spse_stm8
     0000835A  A$spse_stm8$350                    spse_stm8
     0000835A  Sspse_stm8$ADC2_AlignConfig$72     spse_stm8
     0000835A  Sspse_stm8$ADC2_AlignConfig$73     spse_stm8
     0000835C  A$spse_stm8$352                    spse_stm8
     0000835F  A$spse_stm8$361                    spse_stm8
     0000835F  Sspse_stm8$ADC2_AlignConfig$74     spse_stm8
     0000835F  Sspse_stm8$ADC2_AlignConfig$75     spse_stm8
     0000835F  Sspse_stm8$ADC2_AlignConfig$76     spse_stm8
     0000835F  XG$ADC2_AlignConfig$0$0            spse_stm8
     00008360  A$spse_stm8$376                    spse_stm8
     00008360  Sspse_stm8$ADC2_AlignConfig$77     spse_stm8
     00008360  Sspse_stm8$ADC2_Startup_Wait$78    spse_stm8
     00008360  Sspse_stm8$ADC2_Startup_Wait$79    spse_stm8
     00008360  Sspse_stm8$ADC2_Startup_Wait$80    spse_stm8
     00008360  _ADC2_Startup_Wait                 spse_stm8
     00008363  A$spse_stm8$380                    spse_stm8
     00008363  Sspse_stm8$ADC2_Startup_Wait$81    spse_stm8
     00008364  A$spse_stm8$381                    spse_stm8
     00008365  A$spse_stm8$391                    spse_stm8
     00008365  Sspse_stm8$ADC2_Startup_Wait$82    spse_stm8
     00008365  Sspse_stm8$ADC2_Startup_Wait$83    spse_stm8
     00008365  Sspse_stm8$ADC2_Startup_Wait$84    spse_stm8
     00008366  A$spse_stm8$395                    spse_stm8
     00008366  Sspse_stm8$ADC2_Startup_Wait$85    spse_stm8
     00008367  A$spse_stm8$396                    spse_stm8
     00008369  A$spse_stm8$397                    spse_stm8
     0000836C  A$spse_stm8$401                    spse_stm8
     0000836D  A$spse_stm8$412                    spse_stm8
     0000836D  Sspse_stm8$ADC2_Startup_Wait$86    spse_stm8
     0000836D  Sspse_stm8$ADC2_Startup_Wait$87    spse_stm8
     0000836D  Sspse_stm8$ADC2_Startup_Wait$88    spse_stm8
     0000836D  Sspse_stm8$ADC2_Startup_Wait$89    spse_stm8
     0000836D  XG$ADC2_Startup_Wait$0$0           spse_stm8
     0000836E  A$stm8_hd44780$82                  stm8_hd44780
     0000836E  Sspse_stm8$ADC2_Startup_Wait$90    spse_stm8
     0000836E  Sstm8_hd44780$_delay_cycl$0        stm8_hd44780
     0000836E  Sstm8_hd44780$_delay_cycl$1        stm8_hd44780
     0000836E  Sstm8_hd44780$_delay_cycl$2        stm8_hd44780
     0000836F  A$stm8_hd44780$83                  stm8_hd44780
     00008370  A$stm8_hd44780$87                  stm8_hd44780
ASxxxx Linker V03.00 + NoICE + sdld,  page 21.
Hexadecimal  [32-Bits]

Area                                    Addr        Size        Decimal Bytes (Attributes)
--------------------------------        ----        ----        ------- ----- ------------
CODE                                00008141    00004086 =       16518. bytes (REL,CON)

      Value  Global                              Global Defined In Module
      -----  --------------------------------   ------------------------
     00008370  Sstm8_hd44780$_delay_cycl$3        stm8_hd44780
     00008372  A$stm8_hd44780$94                  stm8_hd44780
     00008372  Sstm8_hd44780$_delay_cycl$4        stm8_hd44780
     00008372  Sstm8_hd44780$_delay_cycl$5        stm8_hd44780
     00008373  A$stm8_hd44780$99                  stm8_hd44780
     00008373  Sstm8_hd44780$_delay_cycl$6        stm8_hd44780
     00008373  Sstm8_hd44780$_delay_cycl$7        stm8_hd44780
     00008374  A$stm8_hd44780$100                 stm8_hd44780
     00008376  A$stm8_hd44780$101                 stm8_hd44780
     00008379  A$stm8_hd44780$106                 stm8_hd44780
     00008379  Sstm8_hd44780$_delay_cycl$8        stm8_hd44780
     0000837A  A$stm8_hd44780$114                 stm8_hd44780
     0000837A  Sstm8_hd44780$_delay_cycl$10       stm8_hd44780
     0000837A  Sstm8_hd44780$_delay_cycl$9        stm8_hd44780
     0000837A  XFstm8_hd44780$_delay_cycl$0$0     stm8_hd44780
     0000837B  A$stm8_hd44780$130                 stm8_hd44780
     0000837B  Sstm8_hd44780$_delay_cycl$11       stm8_hd44780
     0000837B  Sstm8_hd44780$_delay_us$12         stm8_hd44780
     0000837B  Sstm8_hd44780$_delay_us$13         stm8_hd44780
     0000837B  Sstm8_hd44780$_delay_us$14         stm8_hd44780
     0000837D  A$stm8_hd44780$131                 stm8_hd44780
     0000837E  A$stm8_hd44780$133                 stm8_hd44780
     00008380  A$stm8_hd44780$135                 stm8_hd44780
     00008380  Sstm8_hd44780$_delay_us$15         stm8_hd44780
     00008381  A$stm8_hd44780$138                 stm8_hd44780
     00008381  Sstm8_hd44780$_delay_us$16         stm8_hd44780
     00008383  A$stm8_hd44780$140                 stm8_hd44780
     00008383  Sstm8_hd44780$_delay_us$17         stm8_hd44780
     00008385  A$stm8_hd44780$142                 stm8_hd44780
     00008385  Sstm8_hd44780$_delay_us$18         stm8_hd44780
     00008387  A$stm8_hd44780$144                 stm8_hd44780
     00008387  Sstm8_hd44780$_delay_us$19         stm8_hd44780
     00008389  A$stm8_hd44780$147                 stm8_hd44780
     00008389  Sstm8_hd44780$_delay_us$20         stm8_hd44780
     0000838C  A$stm8_hd44780$148                 stm8_hd44780
     0000838E  A$stm8_hd44780$154                 stm8_hd44780
     0000838E  Sstm8_hd44780$_delay_us$21         stm8_hd44780
     0000838E  Sstm8_hd44780$_delay_us$22         stm8_hd44780
     00008390  A$stm8_hd44780$156                 stm8_hd44780
     00008390  Sstm8_hd44780$_delay_us$23         stm8_hd44780
     00008392  A$stm8_hd44780$158                 stm8_hd44780
     00008392  Sstm8_hd44780$_delay_us$24         stm8_hd44780
     00008394  A$stm8_hd44780$160                 stm8_hd44780
     00008394  Sstm8_hd44780$_delay_us$25         stm8_hd44780
     00008396  A$stm8_hd44780$163                 stm8_hd44780
     00008396  Sstm8_hd44780$_delay_us$26         stm8_hd44780
     00008397  A$stm8_hd44780$165                 stm8_hd44780
     00008397  Sstm8_hd44780$_delay_us$27         stm8_hd44780
     00008399  A$stm8_hd44780$168                 stm8_hd44780
     00008399  Sstm8_hd44780$_delay_us$28         stm8_hd44780
     0000839C  A$stm8_hd44780$169                 stm8_hd44780
ASxxxx Linker V03.00 + NoICE + sdld,  page 22.
Hexadecimal  [32-Bits]

Area                                    Addr        Size        Decimal Bytes (Attributes)
--------------------------------        ----        ----        ------- ----- ------------
CODE                                00008141    00004086 =       16518. bytes (REL,CON)

      Value  Global                              Global Defined In Module
      -----  --------------------------------   ------------------------
     0000839E  A$stm8_hd44780$173                 stm8_hd44780
     0000839E  Sstm8_hd44780$_delay_us$29         stm8_hd44780
     0000839E  Sstm8_hd44780$_delay_us$30         stm8_hd44780
     000083A0  A$stm8_hd44780$174                 stm8_hd44780
     000083A1  A$stm8_hd44780$175                 stm8_hd44780
     000083A3  A$stm8_hd44780$176                 stm8_hd44780
     000083A4  A$stm8_hd44780$177                 stm8_hd44780
     000083A6  A$stm8_hd44780$178                 stm8_hd44780
     000083A7  A$stm8_hd44780$183                 stm8_hd44780
     000083A7  Sstm8_hd44780$_delay_us$31         stm8_hd44780
     000083A8  A$stm8_hd44780$191                 stm8_hd44780
     000083A8  Sstm8_hd44780$_delay_us$32         stm8_hd44780
     000083A8  Sstm8_hd44780$_delay_us$33         stm8_hd44780
     000083A9  A$stm8_hd44780$192                 stm8_hd44780
     000083AA  A$stm8_hd44780$202                 stm8_hd44780
     000083AA  Sstm8_hd44780$_delay_us$34         stm8_hd44780
     000083AA  Sstm8_hd44780$_delay_us$35         stm8_hd44780
     000083AA  Sstm8_hd44780$_delay_us$36         stm8_hd44780
     000083AB  A$stm8_hd44780$206                 stm8_hd44780
     000083AB  Sstm8_hd44780$_delay_us$37         stm8_hd44780
     000083AC  A$stm8_hd44780$207                 stm8_hd44780
     000083AE  A$stm8_hd44780$208                 stm8_hd44780
     000083B1  A$stm8_hd44780$212                 stm8_hd44780
     000083B2  A$stm8_hd44780$223                 stm8_hd44780
     000083B2  Sstm8_hd44780$_delay_us$38         stm8_hd44780
     000083B2  Sstm8_hd44780$_delay_us$39         stm8_hd44780
     000083B2  Sstm8_hd44780$_delay_us$40         stm8_hd44780
     000083B2  Sstm8_hd44780$_delay_us$41         stm8_hd44780
     000083B2  XFstm8_hd44780$_delay_us$0$0       stm8_hd44780
     000083B3  A$stm8_hd44780$235                 stm8_hd44780
     000083B3  Sstm8_hd44780$_delay_us$42         stm8_hd44780
     000083B3  Sstm8_hd44780$lcd_store_symbol$4   stm8_hd44780
     000083B3  Sstm8_hd44780$lcd_store_symbol$4   stm8_hd44780
     000083B3  _lcd_store_symbol                  stm8_hd44780
     000083B4  A$stm8_hd44780$241                 stm8_hd44780
     000083B4  Sstm8_hd44780$lcd_store_symbol$4   stm8_hd44780
     000083B4  Sstm8_hd44780$lcd_store_symbol$4   stm8_hd44780
     000083B6  A$stm8_hd44780$242                 stm8_hd44780
     000083B8  A$stm8_hd44780$243                 stm8_hd44780
     000083BA  A$stm8_hd44780$244                 stm8_hd44780
     000083BD  A$stm8_hd44780$248                 stm8_hd44780
     000083C0  A$stm8_hd44780$254                 stm8_hd44780
     000083C0  Sstm8_hd44780$lcd_store_symbol$4   stm8_hd44780
     000083C2  A$stm8_hd44780$255                 stm8_hd44780
     000083C4  A$stm8_hd44780$257                 stm8_hd44780
     000083C5  A$stm8_hd44780$260                 stm8_hd44780
     000083C5  Sstm8_hd44780$lcd_store_symbol$4   stm8_hd44780
     000083C8  A$stm8_hd44780$261                 stm8_hd44780
     000083C9  A$stm8_hd44780$266                 stm8_hd44780
     000083C9  Sstm8_hd44780$lcd_store_symbol$4   stm8_hd44780
     000083C9  Sstm8_hd44780$lcd_store_symbol$5   stm8_hd44780
ASxxxx Linker V03.00 + NoICE + sdld,  page 23.
Hexadecimal  [32-Bits]

Area                                    Addr        Size        Decimal Bytes (Attributes)
--------------------------------        ----        ----        ------- ----- ------------
CODE                                00008141    00004086 =       16518. bytes (REL,CON)

      Value  Global                              Global Defined In Module
      -----  --------------------------------   ------------------------
     000083CB  A$stm8_hd44780$273                 stm8_hd44780
     000083CB  Sstm8_hd44780$lcd_store_symbol$5   stm8_hd44780
     000083CB  Sstm8_hd44780$lcd_store_symbol$5   stm8_hd44780
     000083CC  A$stm8_hd44780$274                 stm8_hd44780
     000083CE  A$stm8_hd44780$275                 stm8_hd44780
     000083CF  A$stm8_hd44780$276                 stm8_hd44780
     000083D2  A$stm8_hd44780$278                 stm8_hd44780
     000083D3  A$stm8_hd44780$280                 stm8_hd44780
     000083D4  A$stm8_hd44780$283                 stm8_hd44780
     000083D4  Sstm8_hd44780$lcd_store_symbol$5   stm8_hd44780
     000083D7  A$stm8_hd44780$284                 stm8_hd44780
     000083D8  A$stm8_hd44780$290                 stm8_hd44780
     000083D8  Sstm8_hd44780$lcd_store_symbol$5   stm8_hd44780
     000083D8  Sstm8_hd44780$lcd_store_symbol$5   stm8_hd44780
     000083D8  Sstm8_hd44780$lcd_store_symbol$5   stm8_hd44780
     000083DA  A$stm8_hd44780$293                 stm8_hd44780
     000083DC  A$stm8_hd44780$294                 stm8_hd44780
     000083DE  A$stm8_hd44780$295                 stm8_hd44780
     000083E0  A$stm8_hd44780$296                 stm8_hd44780
     000083E3  A$stm8_hd44780$302                 stm8_hd44780
     000083E3  Sstm8_hd44780$lcd_store_symbol$5   stm8_hd44780
     000083E5  A$stm8_hd44780$305                 stm8_hd44780
     000083E5  Sstm8_hd44780$lcd_store_symbol$5   stm8_hd44780
     000083E8  A$stm8_hd44780$306                 stm8_hd44780
     000083E9  A$stm8_hd44780$313                 stm8_hd44780
     000083E9  Sstm8_hd44780$lcd_store_symbol$5   stm8_hd44780
     000083E9  Sstm8_hd44780$lcd_store_symbol$6   stm8_hd44780
     000083EA  A$stm8_hd44780$317                 stm8_hd44780
     000083EA  Sstm8_hd44780$lcd_store_symbol$6   stm8_hd44780
     000083EA  Sstm8_hd44780$lcd_store_symbol$6   stm8_hd44780
     000083EA  XG$lcd_store_symbol$0$0            stm8_hd44780
     000083EB  A$stm8_hd44780$332                 stm8_hd44780
     000083EB  Sstm8_hd44780$lcd_puts$64          stm8_hd44780
     000083EB  Sstm8_hd44780$lcd_puts$65          stm8_hd44780
     000083EB  Sstm8_hd44780$lcd_puts$66          stm8_hd44780
     000083EB  Sstm8_hd44780$lcd_store_symbol$6   stm8_hd44780
     000083EB  _lcd_puts                          stm8_hd44780
     000083ED  A$stm8_hd44780$336                 stm8_hd44780
     000083EE  A$stm8_hd44780$338                 stm8_hd44780
     000083EF  A$stm8_hd44780$339                 stm8_hd44780
     000083F1  A$stm8_hd44780$340                 stm8_hd44780
     000083F4  A$stm8_hd44780$346                 stm8_hd44780
     000083F4  Sstm8_hd44780$lcd_puts$67          stm8_hd44780
     000083F4  Sstm8_hd44780$lcd_puts$68          stm8_hd44780
     000083F5  A$stm8_hd44780$348                 stm8_hd44780
     000083F5  Sstm8_hd44780$lcd_puts$69          stm8_hd44780
     000083F6  A$stm8_hd44780$351                 stm8_hd44780
     000083F6  Sstm8_hd44780$lcd_puts$70          stm8_hd44780
     000083F9  A$stm8_hd44780$352                 stm8_hd44780
     000083FA  A$stm8_hd44780$354                 stm8_hd44780
     000083FA  Sstm8_hd44780$lcd_puts$71          stm8_hd44780
ASxxxx Linker V03.00 + NoICE + sdld,  page 24.
Hexadecimal  [32-Bits]

Area                                    Addr        Size        Decimal Bytes (Attributes)
--------------------------------        ----        ----        ------- ----- ------------
CODE                                00008141    00004086 =       16518. bytes (REL,CON)

      Value  Global                              Global Defined In Module
      -----  --------------------------------   ------------------------
     000083FB  A$stm8_hd44780$359                 stm8_hd44780
     000083FB  Sstm8_hd44780$lcd_puts$72          stm8_hd44780
     000083FB  Sstm8_hd44780$lcd_puts$73          stm8_hd44780
     000083FC  A$stm8_hd44780$362                 stm8_hd44780
     000083FC  Sstm8_hd44780$lcd_puts$74          stm8_hd44780
     000083FF  A$stm8_hd44780$370                 stm8_hd44780
     000083FF  Sstm8_hd44780$lcd_puts$75          stm8_hd44780
     000083FF  Sstm8_hd44780$lcd_puts$76          stm8_hd44780
     000083FF  XG$lcd_puts$0$0                    stm8_hd44780
     00008400  A$stm8_hd44780$385                 stm8_hd44780
     00008400  Sstm8_hd44780$lcd_init$78          stm8_hd44780
     00008400  Sstm8_hd44780$lcd_init$79          stm8_hd44780
     00008400  Sstm8_hd44780$lcd_init$80          stm8_hd44780
     00008400  Sstm8_hd44780$lcd_puts$77          stm8_hd44780
     00008400  _lcd_init                          stm8_hd44780
     00008403  A$stm8_hd44780$389                 stm8_hd44780
     00008403  Sstm8_hd44780$lcd_init$81          stm8_hd44780
     00008406  A$stm8_hd44780$393                 stm8_hd44780
     00008406  Sstm8_hd44780$lcd_init$82          stm8_hd44780
     00008409  A$stm8_hd44780$397                 stm8_hd44780
     00008409  Sstm8_hd44780$lcd_init$83          stm8_hd44780
     0000840A  A$stm8_hd44780$398                 stm8_hd44780
     0000840B  A$stm8_hd44780$408                 stm8_hd44780
     0000840B  Sstm8_hd44780$lcd_init$84          stm8_hd44780
     0000840B  Sstm8_hd44780$lcd_init$85          stm8_hd44780
     0000840B  Sstm8_hd44780$lcd_init$86          stm8_hd44780
     0000840C  A$stm8_hd44780$412                 stm8_hd44780
     0000840C  Sstm8_hd44780$lcd_init$87          stm8_hd44780
     0000840D  A$stm8_hd44780$413                 stm8_hd44780
     0000840F  A$stm8_hd44780$414                 stm8_hd44780
     00008412  A$stm8_hd44780$418                 stm8_hd44780
     00008413  A$stm8_hd44780$423                 stm8_hd44780
     00008413  Sstm8_hd44780$lcd_init$88          stm8_hd44780
     00008413  Sstm8_hd44780$lcd_init$89          stm8_hd44780
     00008415  A$stm8_hd44780$426                 stm8_hd44780
     00008415  Sstm8_hd44780$lcd_init$90          stm8_hd44780
     00008418  A$stm8_hd44780$427                 stm8_hd44780
     00008419  A$stm8_hd44780$432                 stm8_hd44780
     00008419  Sstm8_hd44780$lcd_init$91          stm8_hd44780
     00008419  Sstm8_hd44780$lcd_init$92          stm8_hd44780
     0000841C  A$stm8_hd44780$436                 stm8_hd44780
     0000841C  Sstm8_hd44780$lcd_init$93          stm8_hd44780
     0000841F  A$stm8_hd44780$440                 stm8_hd44780
     0000841F  Sstm8_hd44780$lcd_init$94          stm8_hd44780
     00008420  A$stm8_hd44780$441                 stm8_hd44780
     00008421  A$stm8_hd44780$451                 stm8_hd44780
     00008421  Sstm8_hd44780$lcd_init$95          stm8_hd44780
     00008421  Sstm8_hd44780$lcd_init$96          stm8_hd44780
     00008421  Sstm8_hd44780$lcd_init$97          stm8_hd44780
     00008422  A$stm8_hd44780$455                 stm8_hd44780
     00008422  Sstm8_hd44780$lcd_init$98          stm8_hd44780
ASxxxx Linker V03.00 + NoICE + sdld,  page 25.
Hexadecimal  [32-Bits]

Area                                    Addr        Size        Decimal Bytes (Attributes)
--------------------------------        ----        ----        ------- ----- ------------
CODE                                00008141    00004086 =       16518. bytes (REL,CON)

      Value  Global                              Global Defined In Module
      -----  --------------------------------   ------------------------
     00008423  A$stm8_hd44780$456                 stm8_hd44780
     00008425  A$stm8_hd44780$457                 stm8_hd44780
     00008428  A$stm8_hd44780$461                 stm8_hd44780
     00008429  A$stm8_hd44780$466                 stm8_hd44780
     00008429  Sstm8_hd44780$lcd_init$100         stm8_hd44780
     00008429  Sstm8_hd44780$lcd_init$99          stm8_hd44780
     0000842B  A$stm8_hd44780$469                 stm8_hd44780
     0000842B  Sstm8_hd44780$lcd_init$101         stm8_hd44780
     0000842E  A$stm8_hd44780$470                 stm8_hd44780
     0000842F  A$stm8_hd44780$475                 stm8_hd44780
     0000842F  Sstm8_hd44780$lcd_init$102         stm8_hd44780
     0000842F  Sstm8_hd44780$lcd_init$103         stm8_hd44780
     00008432  A$stm8_hd44780$479                 stm8_hd44780
     00008432  Sstm8_hd44780$lcd_init$104         stm8_hd44780
     00008435  A$stm8_hd44780$483                 stm8_hd44780
     00008435  Sstm8_hd44780$lcd_init$105         stm8_hd44780
     00008436  A$stm8_hd44780$484                 stm8_hd44780
     00008437  A$stm8_hd44780$494                 stm8_hd44780
     00008437  Sstm8_hd44780$lcd_init$106         stm8_hd44780
     00008437  Sstm8_hd44780$lcd_init$107         stm8_hd44780
     00008437  Sstm8_hd44780$lcd_init$108         stm8_hd44780
     00008438  A$stm8_hd44780$498                 stm8_hd44780
     00008438  Sstm8_hd44780$lcd_init$109         stm8_hd44780
     00008439  A$stm8_hd44780$499                 stm8_hd44780
     0000843B  A$stm8_hd44780$500                 stm8_hd44780
     0000843E  A$stm8_hd44780$504                 stm8_hd44780
     0000843F  A$stm8_hd44780$509                 stm8_hd44780
     0000843F  Sstm8_hd44780$lcd_init$110         stm8_hd44780
     0000843F  Sstm8_hd44780$lcd_init$111         stm8_hd44780
     00008441  A$stm8_hd44780$512                 stm8_hd44780
     00008441  Sstm8_hd44780$lcd_init$112         stm8_hd44780
     00008444  A$stm8_hd44780$513                 stm8_hd44780
     00008445  A$stm8_hd44780$518                 stm8_hd44780
     00008445  Sstm8_hd44780$lcd_init$113         stm8_hd44780
     00008445  Sstm8_hd44780$lcd_init$114         stm8_hd44780
     00008448  A$stm8_hd44780$522                 stm8_hd44780
     00008448  Sstm8_hd44780$lcd_init$115         stm8_hd44780
     0000844A  A$stm8_hd44780$525                 stm8_hd44780
     0000844A  Sstm8_hd44780$lcd_init$116         stm8_hd44780
     0000844D  A$stm8_hd44780$526                 stm8_hd44780
     0000844E  A$stm8_hd44780$531                 stm8_hd44780
     0000844E  Sstm8_hd44780$lcd_init$117         stm8_hd44780
     0000844E  Sstm8_hd44780$lcd_init$118         stm8_hd44780
     00008451  A$stm8_hd44780$535                 stm8_hd44780
     00008451  Sstm8_hd44780$lcd_init$119         stm8_hd44780
     00008454  A$stm8_hd44780$539                 stm8_hd44780
     00008454  Sstm8_hd44780$lcd_init$120         stm8_hd44780
     00008455  A$stm8_hd44780$540                 stm8_hd44780
     00008456  A$stm8_hd44780$550                 stm8_hd44780
     00008456  Sstm8_hd44780$lcd_init$121         stm8_hd44780
     00008456  Sstm8_hd44780$lcd_init$122         stm8_hd44780
ASxxxx Linker V03.00 + NoICE + sdld,  page 26.
Hexadecimal  [32-Bits]

Area                                    Addr        Size        Decimal Bytes (Attributes)
--------------------------------        ----        ----        ------- ----- ------------
CODE                                00008141    00004086 =       16518. bytes (REL,CON)

      Value  Global                              Global Defined In Module
      -----  --------------------------------   ------------------------
     00008456  Sstm8_hd44780$lcd_init$123         stm8_hd44780
     00008457  A$stm8_hd44780$554                 stm8_hd44780
     00008457  Sstm8_hd44780$lcd_init$124         stm8_hd44780
     00008458  A$stm8_hd44780$555                 stm8_hd44780
     0000845A  A$stm8_hd44780$556                 stm8_hd44780
     0000845D  A$stm8_hd44780$560                 stm8_hd44780
     0000845E  A$stm8_hd44780$565                 stm8_hd44780
     0000845E  Sstm8_hd44780$lcd_init$125         stm8_hd44780
     0000845E  Sstm8_hd44780$lcd_init$126         stm8_hd44780
     00008460  A$stm8_hd44780$568                 stm8_hd44780
     00008460  Sstm8_hd44780$lcd_init$127         stm8_hd44780
     00008463  A$stm8_hd44780$569                 stm8_hd44780
     00008464  A$stm8_hd44780$574                 stm8_hd44780
     00008464  Sstm8_hd44780$lcd_init$128         stm8_hd44780
     00008464  Sstm8_hd44780$lcd_init$129         stm8_hd44780
     00008466  A$stm8_hd44780$577                 stm8_hd44780
     00008466  Sstm8_hd44780$lcd_init$130         stm8_hd44780
     00008469  A$stm8_hd44780$578                 stm8_hd44780
     0000846A  A$stm8_hd44780$583                 stm8_hd44780
     0000846A  Sstm8_hd44780$lcd_init$131         stm8_hd44780
     0000846A  Sstm8_hd44780$lcd_init$132         stm8_hd44780
     0000846C  A$stm8_hd44780$586                 stm8_hd44780
     0000846C  Sstm8_hd44780$lcd_init$133         stm8_hd44780
     0000846F  A$stm8_hd44780$587                 stm8_hd44780
     00008470  A$stm8_hd44780$592                 stm8_hd44780
     00008470  Sstm8_hd44780$lcd_init$134         stm8_hd44780
     00008470  Sstm8_hd44780$lcd_init$135         stm8_hd44780
     00008472  A$stm8_hd44780$595                 stm8_hd44780
     00008472  Sstm8_hd44780$lcd_init$136         stm8_hd44780
     00008475  A$stm8_hd44780$596                 stm8_hd44780
     00008476  A$stm8_hd44780$601                 stm8_hd44780
     00008476  Sstm8_hd44780$lcd_init$137         stm8_hd44780
     00008476  Sstm8_hd44780$lcd_init$138         stm8_hd44780
     00008478  A$stm8_hd44780$604                 stm8_hd44780
     00008478  Sstm8_hd44780$lcd_init$139         stm8_hd44780
     0000847B  A$stm8_hd44780$605                 stm8_hd44780
     0000847C  A$stm8_hd44780$610                 stm8_hd44780
     0000847C  Sstm8_hd44780$lcd_init$140         stm8_hd44780
     0000847C  Sstm8_hd44780$lcd_init$141         stm8_hd44780
     0000847E  A$stm8_hd44780$613                 stm8_hd44780
     0000847E  Sstm8_hd44780$lcd_init$142         stm8_hd44780
     00008481  A$stm8_hd44780$614                 stm8_hd44780
     00008482  A$stm8_hd44780$623                 stm8_hd44780
     00008482  Sstm8_hd44780$lcd_init$143         stm8_hd44780
     00008482  Sstm8_hd44780$lcd_init$144         stm8_hd44780
     00008482  Sstm8_hd44780$lcd_init$145         stm8_hd44780
     00008482  XG$lcd_init$0$0                    stm8_hd44780
     00008483  A$stm8_hd44780$638                 stm8_hd44780
     00008483  Sstm8_hd44780$lcd_gotoxy$147       stm8_hd44780
     00008483  Sstm8_hd44780$lcd_gotoxy$148       stm8_hd44780
     00008483  Sstm8_hd44780$lcd_gotoxy$149       stm8_hd44780
ASxxxx Linker V03.00 + NoICE + sdld,  page 27.
Hexadecimal  [32-Bits]

Area                                    Addr        Size        Decimal Bytes (Attributes)
--------------------------------        ----        ----        ------- ----- ------------
CODE                                00008141    00004086 =       16518. bytes (REL,CON)

      Value  Global                              Global Defined In Module
      -----  --------------------------------   ------------------------
     00008483  Sstm8_hd44780$lcd_init$146         stm8_hd44780
     00008483  _lcd_gotoxy                        stm8_hd44780
     00008484  A$stm8_hd44780$643                 stm8_hd44780
     00008484  Sstm8_hd44780$lcd_gotoxy$150       stm8_hd44780
     00008486  A$stm8_hd44780$644                 stm8_hd44780
     00008488  A$stm8_hd44780$645                 stm8_hd44780
     0000848A  A$stm8_hd44780$646                 stm8_hd44780
     0000848D  A$stm8_hd44780$651                 stm8_hd44780
     0000848D  Sstm8_hd44780$lcd_gotoxy$151       stm8_hd44780
     0000848F  A$stm8_hd44780$652                 stm8_hd44780
     00008491  A$stm8_hd44780$659                 stm8_hd44780
     00008491  Sstm8_hd44780$lcd_gotoxy$152       stm8_hd44780
     00008491  Sstm8_hd44780$lcd_gotoxy$153       stm8_hd44780
     00008493  A$stm8_hd44780$660                 stm8_hd44780
     00008495  A$stm8_hd44780$661                 stm8_hd44780
     00008498  A$stm8_hd44780$665                 stm8_hd44780
     00008498  Sstm8_hd44780$lcd_gotoxy$154       stm8_hd44780
     00008499  A$stm8_hd44780$668                 stm8_hd44780
     00008499  Sstm8_hd44780$lcd_gotoxy$155       stm8_hd44780
     0000849C  A$stm8_hd44780$674                 stm8_hd44780
     0000849C  Sstm8_hd44780$lcd_gotoxy$156       stm8_hd44780
     0000849E  A$stm8_hd44780$675                 stm8_hd44780
     0000849F  A$stm8_hd44780$676                 stm8_hd44780
     000084A1  A$stm8_hd44780$677                 stm8_hd44780
     000084A4  A$stm8_hd44780$679                 stm8_hd44780
     000084A7  A$stm8_hd44780$685                 stm8_hd44780
     000084A7  Sstm8_hd44780$lcd_gotoxy$157       stm8_hd44780
     000084A7  Sstm8_hd44780$lcd_gotoxy$158       stm8_hd44780
     000084A9  A$stm8_hd44780$686                 stm8_hd44780
     000084AA  A$stm8_hd44780$693                 stm8_hd44780
     000084AA  Sstm8_hd44780$lcd_gotoxy$159       stm8_hd44780
     000084AA  Sstm8_hd44780$lcd_gotoxy$160       stm8_hd44780
     000084AB  A$stm8_hd44780$694                 stm8_hd44780
     000084AD  A$stm8_hd44780$699                 stm8_hd44780
     000084AD  Sstm8_hd44780$lcd_gotoxy$161       stm8_hd44780
     000084AF  A$stm8_hd44780$701                 stm8_hd44780
     000084B0  A$stm8_hd44780$704                 stm8_hd44780
     000084B0  Sstm8_hd44780$lcd_gotoxy$162       stm8_hd44780
     000084B3  A$stm8_hd44780$705                 stm8_hd44780
     000084B4  A$stm8_hd44780$714                 stm8_hd44780
     000084B4  Sstm8_hd44780$lcd_gotoxy$163       stm8_hd44780
     000084B4  Sstm8_hd44780$lcd_gotoxy$164       stm8_hd44780
     000084B4  Sstm8_hd44780$lcd_gotoxy$165       stm8_hd44780
     000084B4  XG$lcd_gotoxy$0$0                  stm8_hd44780
     000084B5  A$stm8_hd44780$729                 stm8_hd44780
     000084B5  Sstm8_hd44780$lcd_gotoxy$166       stm8_hd44780
     000084B5  Sstm8_hd44780$lcd_init_hw$167      stm8_hd44780
     000084B5  Sstm8_hd44780$lcd_init_hw$168      stm8_hd44780
     000084B5  Sstm8_hd44780$lcd_init_hw$169      stm8_hd44780
     000084B5  _lcd_init_hw                       stm8_hd44780
     000084B7  A$stm8_hd44780$732                 stm8_hd44780
ASxxxx Linker V03.00 + NoICE + sdld,  page 28.
Hexadecimal  [32-Bits]

Area                                    Addr        Size        Decimal Bytes (Attributes)
--------------------------------        ----        ----        ------- ----- ------------
CODE                                00008141    00004086 =       16518. bytes (REL,CON)

      Value  Global                              Global Defined In Module
      -----  --------------------------------   ------------------------
     000084B7  Sstm8_hd44780$lcd_init_hw$170      stm8_hd44780
     000084B9  A$stm8_hd44780$735                 stm8_hd44780
     000084B9  Sstm8_hd44780$lcd_init_hw$171      stm8_hd44780
     000084BB  A$stm8_hd44780$737                 stm8_hd44780
     000084BB  Sstm8_hd44780$lcd_init_hw$172      stm8_hd44780
     000084BD  A$stm8_hd44780$740                 stm8_hd44780
     000084BD  Sstm8_hd44780$lcd_init_hw$173      stm8_hd44780
     000084C0  A$stm8_hd44780$741                 stm8_hd44780
     000084C2  A$stm8_hd44780$746                 stm8_hd44780
     000084C2  Sstm8_hd44780$lcd_init_hw$174      stm8_hd44780
     000084C2  Sstm8_hd44780$lcd_init_hw$175      stm8_hd44780
     000084C4  A$stm8_hd44780$749                 stm8_hd44780
     000084C4  Sstm8_hd44780$lcd_init_hw$176      stm8_hd44780
     000084C6  A$stm8_hd44780$752                 stm8_hd44780
     000084C6  Sstm8_hd44780$lcd_init_hw$177      stm8_hd44780
     000084C8  A$stm8_hd44780$754                 stm8_hd44780
     000084C8  Sstm8_hd44780$lcd_init_hw$178      stm8_hd44780
     000084CA  A$stm8_hd44780$757                 stm8_hd44780
     000084CA  Sstm8_hd44780$lcd_init_hw$179      stm8_hd44780
     000084CD  A$stm8_hd44780$758                 stm8_hd44780
     000084CF  A$stm8_hd44780$763                 stm8_hd44780
     000084CF  Sstm8_hd44780$lcd_init_hw$180      stm8_hd44780
     000084CF  Sstm8_hd44780$lcd_init_hw$181      stm8_hd44780
     000084D1  A$stm8_hd44780$766                 stm8_hd44780
     000084D1  Sstm8_hd44780$lcd_init_hw$182      stm8_hd44780
     000084D3  A$stm8_hd44780$769                 stm8_hd44780
     000084D3  Sstm8_hd44780$lcd_init_hw$183      stm8_hd44780
     000084D5  A$stm8_hd44780$771                 stm8_hd44780
     000084D5  Sstm8_hd44780$lcd_init_hw$184      stm8_hd44780
     000084D7  A$stm8_hd44780$774                 stm8_hd44780
     000084D7  Sstm8_hd44780$lcd_init_hw$185      stm8_hd44780
     000084DA  A$stm8_hd44780$775                 stm8_hd44780
     000084DC  A$stm8_hd44780$780                 stm8_hd44780
     000084DC  Sstm8_hd44780$lcd_init_hw$186      stm8_hd44780
     000084DC  Sstm8_hd44780$lcd_init_hw$187      stm8_hd44780
     000084DF  A$stm8_hd44780$788                 stm8_hd44780
     000084DF  Sstm8_hd44780$lcd_init_hw$188      stm8_hd44780
     000084DF  Sstm8_hd44780$lcd_init_hw$189      stm8_hd44780
     000084DF  XG$lcd_init_hw$0$0                 stm8_hd44780
     000084E0  A$stm8_hd44780$803                 stm8_hd44780
     000084E0  Sstm8_hd44780$lcd_bus_outputs$19   stm8_hd44780
     000084E0  Sstm8_hd44780$lcd_bus_outputs$19   stm8_hd44780
     000084E0  Sstm8_hd44780$lcd_bus_outputs$19   stm8_hd44780
     000084E0  Sstm8_hd44780$lcd_init_hw$190      stm8_hd44780
     000084E0  _lcd_bus_outputs                   stm8_hd44780
     000084E2  A$stm8_hd44780$806                 stm8_hd44780
[...]
     0000B919  A$stm8s_tim1$9028                  stm8s_tim1
     0000B91B  A$stm8s_tim1$9030                  stm8s_tim1
     0000B91B  Sstm8s_tim1$TIM1_ClearITPendingB   stm8s_tim1
     0000B91D  A$stm8s_tim1$9032                  stm8s_tim1
     0000B91D  Sstm8s_tim1$TIM1_ClearITPendingB   stm8s_tim1
     0000B91E  A$stm8s_tim1$9033                  stm8s_tim1
     0000B91F  A$stm8s_tim1$9036                  stm8s_tim1
     0000B91F  Sstm8s_tim1$TIM1_ClearITPendingB   stm8s_tim1
     0000B921  A$stm8s_tim1$9038                  stm8s_tim1
     0000B921  Sstm8s_tim1$TIM1_ClearITPendingB   stm8s_tim1
     0000B923  A$stm8s_tim1$9041                  stm8s_tim1
     0000B923  Sstm8s_tim1$TIM1_ClearITPendingB   stm8s_tim1
     0000B926  A$stm8s_tim1$9042                  stm8s_tim1
     0000B928  A$stm8s_tim1$9049                  stm8s_tim1
     0000B928  Sstm8s_tim1$TIM1_ClearITPendingB   stm8s_tim1
     0000B928  Sstm8s_tim1$TIM1_ClearITPendingB   stm8s_tim1
     0000B92A  A$stm8s_tim1$9050                  stm8s_tim1
     0000B92B  A$stm8s_tim1$9052                  stm8s_tim1
     0000B92E  A$stm8s_tim1$9060                  stm8s_tim1
     0000B92E  Sstm8s_tim1$TIM1_ClearITPendingB   stm8s_tim1
     0000B92E  Sstm8s_tim1$TIM1_ClearITPendingB   stm8s_tim1
     0000B92E  XG$TIM1_ClearITPendingBit$0$0      stm8s_tim1
     0000B92F  A$stm8s_tim1$9072                  stm8s_tim1
     0000B92F  Sstm8s_tim1$TI1_Config$1965        stm8s_tim1
     0000B92F  Sstm8s_tim1$TI1_Config$1966        stm8s_tim1
     0000B92F  Sstm8s_tim1$TIM1_ClearITPendingB   stm8s_tim1
     0000B930  A$stm8s_tim1$9077                  stm8s_tim1
     0000B930  Sstm8s_tim1$TI1_Config$1967        stm8s_tim1
     0000B930  Sstm8s_tim1$TI1_Config$1968        stm8s_tim1
     0000B933  A$stm8s_tim1$9079                  stm8s_tim1
     0000B935  A$stm8s_tim1$9081                  stm8s_tim1
     0000B938  A$stm8s_tim1$9085                  stm8s_tim1
     0000B938  Sstm8s_tim1$TI1_Config$1969        stm8s_tim1
     0000B93B  A$stm8s_tim1$9087                  stm8s_tim1
     0000B93D  A$stm8s_tim1$9088                  stm8s_tim1
     0000B93F  A$stm8s_tim1$9093                  stm8s_tim1
     0000B93F  Sstm8s_tim1$TI1_Config$1970        stm8s_tim1
     0000B941  A$stm8s_tim1$9095                  stm8s_tim1
     0000B942  A$stm8s_tim1$9096                  stm8s_tim1
     0000B944  A$stm8s_tim1$9100                  stm8s_tim1
     0000B946  A$stm8s_tim1$9102                  stm8s_tim1
     0000B948  A$stm8s_tim1$9104                  stm8s_tim1
     0000B94B  A$stm8s_tim1$9108                  stm8s_tim1
     0000B94B  Sstm8s_tim1$TI1_Config$1971        stm8s_tim1
ASxxxx Linker V03.00 + NoICE + sdld,  page 244.
Hexadecimal  [32-Bits]

Area                                    Addr        Size        Decimal Bytes (Attributes)
--------------------------------        ----        ----        ------- ----- ------------
CODE                                00008141    00004086 =       16518. bytes (REL,CON)

      Value  Global                              Global Defined In Module
      -----  --------------------------------   ------------------------
     0000B94E  A$stm8s_tim1$9112                  stm8s_tim1
     0000B94E  Sstm8s_tim1$TI1_Config$1972        stm8s_tim1
     0000B950  A$stm8s_tim1$9113                  stm8s_tim1
     0000B952  A$stm8s_tim1$9114                  stm8s_tim1
     0000B955  A$stm8s_tim1$9120                  stm8s_tim1
     0000B955  Sstm8s_tim1$TI1_Config$1973        stm8s_tim1
     0000B955  Sstm8s_tim1$TI1_Config$1974        stm8s_tim1
     0000B957  A$stm8s_tim1$9122                  stm8s_tim1
     0000B95A  A$stm8s_tim1$9125                  stm8s_tim1
     0000B95A  Sstm8s_tim1$TI1_Config$1975        stm8s_tim1
     0000B95D  A$stm8s_tim1$9132                  stm8s_tim1
     0000B95D  Sstm8s_tim1$TI1_Config$1976        stm8s_tim1
     0000B95D  Sstm8s_tim1$TI1_Config$1977        stm8s_tim1
     0000B95F  A$stm8s_tim1$9134                  stm8s_tim1
     0000B962  A$stm8s_tim1$9141                  stm8s_tim1
     0000B962  Sstm8s_tim1$TI1_Config$1978        stm8s_tim1
     0000B962  Sstm8s_tim1$TI1_Config$1979        stm8s_tim1
     0000B965  A$stm8s_tim1$9143                  stm8s_tim1
     0000B967  A$stm8s_tim1$9145                  stm8s_tim1
     0000B96A  A$stm8s_tim1$9151                  stm8s_tim1
     0000B96A  Sstm8s_tim1$TI1_Config$1980        stm8s_tim1
     0000B96B  A$stm8s_tim1$9155                  stm8s_tim1
     0000B96B  Sstm8s_tim1$TI1_Config$1981        stm8s_tim1
     0000B96B  Sstm8s_tim1$TI1_Config$1982        stm8s_tim1
     0000B96B  XFstm8s_tim1$TI1_Config$0$0        stm8s_tim1
     0000B96C  A$stm8s_tim1$9167                  stm8s_tim1
     0000B96C  Sstm8s_tim1$TI1_Config$1983        stm8s_tim1
     0000B96C  Sstm8s_tim1$TI2_Config$1984        stm8s_tim1
     0000B96C  Sstm8s_tim1$TI2_Config$1985        stm8s_tim1
     0000B96D  A$stm8s_tim1$9172                  stm8s_tim1
     0000B96D  Sstm8s_tim1$TI2_Config$1986        stm8s_tim1
     0000B96D  Sstm8s_tim1$TI2_Config$1987        stm8s_tim1
     0000B970  A$stm8s_tim1$9174                  stm8s_tim1
     0000B972  A$stm8s_tim1$9176                  stm8s_tim1
     0000B975  A$stm8s_tim1$9180                  stm8s_tim1
     0000B975  Sstm8s_tim1$TI2_Config$1988        stm8s_tim1
     0000B978  A$stm8s_tim1$9182                  stm8s_tim1
     0000B97A  A$stm8s_tim1$9183                  stm8s_tim1
     0000B97C  A$stm8s_tim1$9188                  stm8s_tim1
     0000B97C  Sstm8s_tim1$TI2_Config$1989        stm8s_tim1
     0000B97E  A$stm8s_tim1$9190                  stm8s_tim1
     0000B97F  A$stm8s_tim1$9191                  stm8s_tim1
     0000B981  A$stm8s_tim1$9195                  stm8s_tim1
     0000B983  A$stm8s_tim1$9197                  stm8s_tim1
     0000B985  A$stm8s_tim1$9199                  stm8s_tim1
     0000B988  A$stm8s_tim1$9203                  stm8s_tim1
     0000B988  Sstm8s_tim1$TI2_Config$1990        stm8s_tim1
     0000B98B  A$stm8s_tim1$9207                  stm8s_tim1
     0000B98B  Sstm8s_tim1$TI2_Config$1991        stm8s_tim1
     0000B98D  A$stm8s_tim1$9208                  stm8s_tim1
     0000B98F  A$stm8s_tim1$9209                  stm8s_tim1
ASxxxx Linker V03.00 + NoICE + sdld,  page 245.
Hexadecimal  [32-Bits]

Area                                    Addr        Size        Decimal Bytes (Attributes)
--------------------------------        ----        ----        ------- ----- ------------
CODE                                00008141    00004086 =       16518. bytes (REL,CON)

      Value  Global                              Global Defined In Module
      -----  --------------------------------   ------------------------
     0000B992  A$stm8s_tim1$9215                  stm8s_tim1
     0000B992  Sstm8s_tim1$TI2_Config$1992        stm8s_tim1
     0000B992  Sstm8s_tim1$TI2_Config$1993        stm8s_tim1
     0000B994  A$stm8s_tim1$9217                  stm8s_tim1
     0000B997  A$stm8s_tim1$9220                  stm8s_tim1
     0000B997  Sstm8s_tim1$TI2_Config$1994        stm8s_tim1
     0000B99A  A$stm8s_tim1$9227                  stm8s_tim1
     0000B99A  Sstm8s_tim1$TI2_Config$1995        stm8s_tim1
     0000B99A  Sstm8s_tim1$TI2_Config$1996        stm8s_tim1
     0000B99C  A$stm8s_tim1$9229                  stm8s_tim1
     0000B99F  A$stm8s_tim1$9236                  stm8s_tim1
     0000B99F  Sstm8s_tim1$TI2_Config$1997        stm8s_tim1
     0000B99F  Sstm8s_tim1$TI2_Config$1998        stm8s_tim1
     0000B9A2  A$stm8s_tim1$9238                  stm8s_tim1
     0000B9A4  A$stm8s_tim1$9240                  stm8s_tim1
     0000B9A7  A$stm8s_tim1$9246                  stm8s_tim1
     0000B9A7  Sstm8s_tim1$TI2_Config$1999        stm8s_tim1
     0000B9A8  A$stm8s_tim1$9250                  stm8s_tim1
     0000B9A8  Sstm8s_tim1$TI2_Config$2000        stm8s_tim1
     0000B9A8  Sstm8s_tim1$TI2_Config$2001        stm8s_tim1
     0000B9A8  XFstm8s_tim1$TI2_Config$0$0        stm8s_tim1
     0000B9A9  A$stm8s_tim1$9262                  stm8s_tim1
     0000B9A9  Sstm8s_tim1$TI2_Config$2002        stm8s_tim1
     0000B9A9  Sstm8s_tim1$TI3_Config$2003        stm8s_tim1
     0000B9A9  Sstm8s_tim1$TI3_Config$2004        stm8s_tim1
     0000B9AA  A$stm8s_tim1$9267                  stm8s_tim1
     0000B9AA  Sstm8s_tim1$TI3_Config$2005        stm8s_tim1
     0000B9AA  Sstm8s_tim1$TI3_Config$2006        stm8s_tim1
     0000B9AD  A$stm8s_tim1$9269                  stm8s_tim1
     0000B9AF  A$stm8s_tim1$9271                  stm8s_tim1
     0000B9B2  A$stm8s_tim1$9275                  stm8s_tim1
     0000B9B2  Sstm8s_tim1$TI3_Config$2007        stm8s_tim1
     0000B9B5  A$stm8s_tim1$9277                  stm8s_tim1
     0000B9B7  A$stm8s_tim1$9278                  stm8s_tim1
     0000B9B9  A$stm8s_tim1$9283                  stm8s_tim1
     0000B9B9  Sstm8s_tim1$TI3_Config$2008        stm8s_tim1
     0000B9BB  A$stm8s_tim1$9285                  stm8s_tim1
     0000B9BC  A$stm8s_tim1$9286                  stm8s_tim1
     0000B9BE  A$stm8s_tim1$9290                  stm8s_tim1
     0000B9C0  A$stm8s_tim1$9292                  stm8s_tim1
     0000B9C2  A$stm8s_tim1$9294                  stm8s_tim1
     0000B9C5  A$stm8s_tim1$9298                  stm8s_tim1
     0000B9C5  Sstm8s_tim1$TI3_Config$2009        stm8s_tim1
     0000B9C8  A$stm8s_tim1$9302                  stm8s_tim1
     0000B9C8  Sstm8s_tim1$TI3_Config$2010        stm8s_tim1
     0000B9CA  A$stm8s_tim1$9303                  stm8s_tim1
     0000B9CC  A$stm8s_tim1$9304                  stm8s_tim1
     0000B9CF  A$stm8s_tim1$9310                  stm8s_tim1
     0000B9CF  Sstm8s_tim1$TI3_Config$2011        stm8s_tim1
     0000B9CF  Sstm8s_tim1$TI3_Config$2012        stm8s_tim1
     0000B9D1  A$stm8s_tim1$9312                  stm8s_tim1
ASxxxx Linker V03.00 + NoICE + sdld,  page 246.
Hexadecimal  [32-Bits]

Area                                    Addr        Size        Decimal Bytes (Attributes)
--------------------------------        ----        ----        ------- ----- ------------
CODE                                00008141    00004086 =       16518. bytes (REL,CON)

      Value  Global                              Global Defined In Module
      -----  --------------------------------   ------------------------
     0000B9D4  A$stm8s_tim1$9315                  stm8s_tim1
     0000B9D4  Sstm8s_tim1$TI3_Config$2013        stm8s_tim1
     0000B9D7  A$stm8s_tim1$9322                  stm8s_tim1
     0000B9D7  Sstm8s_tim1$TI3_Config$2014        stm8s_tim1
     0000B9D7  Sstm8s_tim1$TI3_Config$2015        stm8s_tim1
     0000B9D9  A$stm8s_tim1$9324                  stm8s_tim1
     0000B9DC  A$stm8s_tim1$9331                  stm8s_tim1
     0000B9DC  Sstm8s_tim1$TI3_Config$2016        stm8s_tim1
     0000B9DC  Sstm8s_tim1$TI3_Config$2017        stm8s_tim1
     0000B9DF  A$stm8s_tim1$9333                  stm8s_tim1
     0000B9E1  A$stm8s_tim1$9335                  stm8s_tim1
     0000B9E4  A$stm8s_tim1$9341                  stm8s_tim1
     0000B9E4  Sstm8s_tim1$TI3_Config$2018        stm8s_tim1
     0000B9E5  A$stm8s_tim1$9345                  stm8s_tim1
     0000B9E5  Sstm8s_tim1$TI3_Config$2019        stm8s_tim1
     0000B9E5  Sstm8s_tim1$TI3_Config$2020        stm8s_tim1
     0000B9E5  XFstm8s_tim1$TI3_Config$0$0        stm8s_tim1
     0000B9E6  A$stm8s_tim1$9357                  stm8s_tim1
     0000B9E6  Sstm8s_tim1$TI3_Config$2021        stm8s_tim1
     0000B9E6  Sstm8s_tim1$TI4_Config$2022        stm8s_tim1
     0000B9E6  Sstm8s_tim1$TI4_Config$2023        stm8s_tim1
     0000B9E7  A$stm8s_tim1$9362                  stm8s_tim1
     0000B9E7  Sstm8s_tim1$TI4_Config$2024        stm8s_tim1
     0000B9E7  Sstm8s_tim1$TI4_Config$2025        stm8s_tim1
     0000B9EA  A$stm8s_tim1$9364                  stm8s_tim1
     0000B9EC  A$stm8s_tim1$9366                  stm8s_tim1
     0000B9EF  A$stm8s_tim1$9370                  stm8s_tim1
     0000B9EF  Sstm8s_tim1$TI4_Config$2026        stm8s_tim1
     0000B9F2  A$stm8s_tim1$9372                  stm8s_tim1
     0000B9F4  A$stm8s_tim1$9373                  stm8s_tim1
     0000B9F6  A$stm8s_tim1$9378                  stm8s_tim1
     0000B9F6  Sstm8s_tim1$TI4_Config$2027        stm8s_tim1
     0000B9F8  A$stm8s_tim1$9380                  stm8s_tim1
     0000B9F9  A$stm8s_tim1$9381                  stm8s_tim1
     0000B9FB  A$stm8s_tim1$9385                  stm8s_tim1
     0000B9FD  A$stm8s_tim1$9387                  stm8s_tim1
     0000B9FF  A$stm8s_tim1$9389                  stm8s_tim1
     0000BA02  A$stm8s_tim1$9393                  stm8s_tim1
     0000BA02  Sstm8s_tim1$TI4_Config$2028        stm8s_tim1
     0000BA05  A$stm8s_tim1$9397                  stm8s_tim1
     0000BA05  Sstm8s_tim1$TI4_Config$2029        stm8s_tim1
     0000BA07  A$stm8s_tim1$9398                  stm8s_tim1
     0000BA09  A$stm8s_tim1$9399                  stm8s_tim1
     0000BA0C  A$stm8s_tim1$9405                  stm8s_tim1
     0000BA0C  Sstm8s_tim1$TI4_Config$2030        stm8s_tim1
     0000BA0C  Sstm8s_tim1$TI4_Config$2031        stm8s_tim1
     0000BA0E  A$stm8s_tim1$9407                  stm8s_tim1
     0000BA11  A$stm8s_tim1$9410                  stm8s_tim1
     0000BA11  Sstm8s_tim1$TI4_Config$2032        stm8s_tim1
     0000BA14  A$stm8s_tim1$9417                  stm8s_tim1
     0000BA14  Sstm8s_tim1$TI4_Config$2033        stm8s_tim1
ASxxxx Linker V03.00 + NoICE + sdld,  page 247.
Hexadecimal  [32-Bits]

Area                                    Addr        Size        Decimal Bytes (Attributes)
--------------------------------        ----        ----        ------- ----- ------------
CODE                                00008141    00004086 =       16518. bytes (REL,CON)

      Value  Global                              Global Defined In Module
      -----  --------------------------------   ------------------------
     0000BA14  Sstm8s_tim1$TI4_Config$2034        stm8s_tim1
     0000BA16  A$stm8s_tim1$9419                  stm8s_tim1
     0000BA19  A$stm8s_tim1$9426                  stm8s_tim1
     0000BA19  Sstm8s_tim1$TI4_Config$2035        stm8s_tim1
     0000BA19  Sstm8s_tim1$TI4_Config$2036        stm8s_tim1
     0000BA1C  A$stm8s_tim1$9428                  stm8s_tim1
     0000BA1E  A$stm8s_tim1$9430                  stm8s_tim1
     0000BA21  A$stm8s_tim1$9436                  stm8s_tim1
     0000BA21  Sstm8s_tim1$TI4_Config$2037        stm8s_tim1
     0000BA22  A$stm8s_tim1$9440                  stm8s_tim1
     0000BA22  Sstm8s_tim1$TI4_Config$2038        stm8s_tim1
     0000BA22  Sstm8s_tim1$TI4_Config$2039        stm8s_tim1
     0000BA22  XFstm8s_tim1$TI4_Config$0$0        stm8s_tim1
     0000BA23  Sstm8s_tim1$TI4_Config$2040        stm8s_tim1
     0000BA36  _vsprintf                          sprintf
     0000BA4F  _sprintf                           sprintf
     0000BA6A  __divulong                         
     0000BAC4  __mullong                          
     0000BBDC  __print_format                     printf_large
     0000C1B8  _strlen                            _strlen

ASxxxx Linker V03.00 + NoICE + sdld,  page 248.
Hexadecimal  [32-Bits]

Area                                    Addr        Size        Decimal Bytes (Attributes)
--------------------------------        ----        ----        ------- ----- ------------
.debug_line                         00000000    000033FA =       13306. bytes (REL,CON)

      Value  Global                              Global Defined In Module
      -----  --------------------------------   ------------------------
ASxxxx Linker V03.00 + NoICE + sdld,  page 249.
Hexadecimal  [32-Bits]

Area                                    Addr        Size        Decimal Bytes (Attributes)
--------------------------------        ----        ----        ------- ----- ------------
.debug_loc                          00000000    00007034 =       28724. bytes (REL,CON)

      Value  Global                              Global Defined In Module
      -----  --------------------------------   ------------------------
ASxxxx Linker V03.00 + NoICE + sdld,  page 250.
Hexadecimal  [32-Bits]

Area                                    Addr        Size        Decimal Bytes (Attributes)
--------------------------------        ----        ----        ------- ----- ------------
.debug_abbrev                       00000000    000006AD =        1709. bytes (REL,CON)

      Value  Global                              Global Defined In Module
      -----  --------------------------------   ------------------------
ASxxxx Linker V03.00 + NoICE + sdld,  page 251.
Hexadecimal  [32-Bits]

Area                                    Addr        Size        Decimal Bytes (Attributes)
--------------------------------        ----        ----        ------- ----- ------------
.debug_info                         00000000    00004BC0 =       19392. bytes (REL,CON)

      Value  Global                              Global Defined In Module
      -----  --------------------------------   ------------------------
ASxxxx Linker V03.00 + NoICE + sdld,  page 252.
Hexadecimal  [32-Bits]

Area                                    Addr        Size        Decimal Bytes (Attributes)
--------------------------------        ----        ----        ------- ----- ------------
.debug_pubnames                     00000000    00001237 =        4663. bytes (REL,CON)

      Value  Global                              Global Defined In Module
      -----  --------------------------------   ------------------------
ASxxxx Linker V03.00 + NoICE + sdld,  page 253.
Hexadecimal  [32-Bits]

Area                                    Addr        Size        Decimal Bytes (Attributes)
--------------------------------        ----        ----        ------- ----- ------------
.debug_frame                        00000000    00005949 =       22857. bytes (REL,CON)

      Value  Global                              Global Defined In Module
      -----  --------------------------------   ------------------------
ASxxxx Linker V03.00 + NoICE + sdld,  page 254.

Files Linked                              [ module(s) ]

build-STM8S208/main.rel                   [ main ]
build-STM8S208/milis.rel                  [ milis ]
build-STM8S208/spse_stm8.rel              [ spse_stm8 ]
build-STM8S208/stm8_hd44780.rel           [ stm8_hd44780 ]
build-STM8S208/stm8s_it.rel               [ stm8s_it ]
build-STM8S208/swspi.rel                  [ swspi ]
build-STM8S208/stm8s_gpio.rel             [ stm8s_gpio ]
build-STM8S208/stm8s_clk.rel              [ stm8s_clk ]
build-STM8S208/stm8s_tim4.rel             [ stm8s_tim4 ]
build-STM8S208/stm8s_itc.rel              [ stm8s_itc ]
build-STM8S208/stm8s_adc2.rel             [ stm8s_adc2 ]
build-STM8S208/stm8s_tim1.rel             [ stm8s_tim1 ]


Libraries Linked                          [ object file ]

C:\Program Files\SDCC\bin\..\lib\stm8/stm8.lib
                                          [ sprintf.rel ]
C:\Program Files\SDCC\bin\..\lib\stm8/stm8.lib
                                          [ _divulong.rel ]
C:\Program Files\SDCC\bin\..\lib\stm8/stm8.lib
                                          [ _mullong.rel ]
C:\Program Files\SDCC\bin\..\lib\stm8/stm8.lib
                                          [ printf_large.rel ]
C:\Program Files\SDCC\bin\..\lib\stm8/stm8.lib
                                          [ _strlen.rel ]

ASxxxx Linker V03.00 + NoICE + sdld,  page 255.

User Base Address Definitions

HOME = 0x8000
DATA = 0x0001

